libtool: compile:  gcc -I. -I/vagrant/test/code_summary/zephir-sample/zephirsample/ext -DPHP_ATOM_INC -I/vagrant/test/code_summary/zephir-sample/zephirsample/ext/include -I/vagrant/test/code_summary/zephir-sample/zephirsample/ext/main -I/vagrant/test/code_summary/zephir-sample/zephirsample/ext -I/usr/include/php5 -I/usr/include/php5/main -I/usr/include/php5/TSRM -I/usr/include/php5/Zend -I/usr/include/php5/ext -I/usr/include/php5/ext/date/lib -D_LARGEFILE_SOURCE -D_FILE_OFFSET_BITS=64 -DHAVE_CONFIG_H -O2 -fvisibility=hidden -Wparentheses -flto -DZEPHIR_RELEASE=1 -c /vagrant/test/code_summary/zephir-sample/zephirsample/ext/zephirsample.c  -fPIC -DPIC -o .libs/zephirsample.o
libtool: compile:  gcc -I. -I/vagrant/test/code_summary/zephir-sample/zephirsample/ext -DPHP_ATOM_INC -I/vagrant/test/code_summary/zephir-sample/zephirsample/ext/include -I/vagrant/test/code_summary/zephir-sample/zephirsample/ext/main -I/vagrant/test/code_summary/zephir-sample/zephirsample/ext -I/usr/include/php5 -I/usr/include/php5/main -I/usr/include/php5/TSRM -I/usr/include/php5/Zend -I/usr/include/php5/ext -I/usr/include/php5/ext/date/lib -D_LARGEFILE_SOURCE -D_FILE_OFFSET_BITS=64 -DHAVE_CONFIG_H -O2 -fvisibility=hidden -Wparentheses -flto -DZEPHIR_RELEASE=1 -c /vagrant/test/code_summary/zephir-sample/zephirsample/ext/kernel/main.c  -fPIC -DPIC -o kernel/.libs/main.o
libtool: compile:  gcc -I. -I/vagrant/test/code_summary/zephir-sample/zephirsample/ext -DPHP_ATOM_INC -I/vagrant/test/code_summary/zephir-sample/zephirsample/ext/include -I/vagrant/test/code_summary/zephir-sample/zephirsample/ext/main -I/vagrant/test/code_summary/zephir-sample/zephirsample/ext -I/usr/include/php5 -I/usr/include/php5/main -I/usr/include/php5/TSRM -I/usr/include/php5/Zend -I/usr/include/php5/ext -I/usr/include/php5/ext/date/lib -D_LARGEFILE_SOURCE -D_FILE_OFFSET_BITS=64 -DHAVE_CONFIG_H -O2 -fvisibility=hidden -Wparentheses -flto -DZEPHIR_RELEASE=1 -c /vagrant/test/code_summary/zephir-sample/zephirsample/ext/kernel/memory.c  -fPIC -DPIC -o kernel/.libs/memory.o
libtool: compile:  gcc -I. -I/vagrant/test/code_summary/zephir-sample/zephirsample/ext -DPHP_ATOM_INC -I/vagrant/test/code_summary/zephir-sample/zephirsample/ext/include -I/vagrant/test/code_summary/zephir-sample/zephirsample/ext/main -I/vagrant/test/code_summary/zephir-sample/zephirsample/ext -I/usr/include/php5 -I/usr/include/php5/main -I/usr/include/php5/TSRM -I/usr/include/php5/Zend -I/usr/include/php5/ext -I/usr/include/php5/ext/date/lib -D_LARGEFILE_SOURCE -D_FILE_OFFSET_BITS=64 -DHAVE_CONFIG_H -O2 -fvisibility=hidden -Wparentheses -flto -DZEPHIR_RELEASE=1 -c /vagrant/test/code_summary/zephir-sample/zephirsample/ext/kernel/exception.c  -fPIC -DPIC -o kernel/.libs/exception.o
libtool: compile:  gcc -I. -I/vagrant/test/code_summary/zephir-sample/zephirsample/ext -DPHP_ATOM_INC -I/vagrant/test/code_summary/zephir-sample/zephirsample/ext/include -I/vagrant/test/code_summary/zephir-sample/zephirsample/ext/main -I/vagrant/test/code_summary/zephir-sample/zephirsample/ext -I/usr/include/php5 -I/usr/include/php5/main -I/usr/include/php5/TSRM -I/usr/include/php5/Zend -I/usr/include/php5/ext -I/usr/include/php5/ext/date/lib -D_LARGEFILE_SOURCE -D_FILE_OFFSET_BITS=64 -DHAVE_CONFIG_H -O2 -fvisibility=hidden -Wparentheses -flto -DZEPHIR_RELEASE=1 -c /vagrant/test/code_summary/zephir-sample/zephirsample/ext/kernel/hash.c  -fPIC -DPIC -o kernel/.libs/hash.o
libtool: compile:  gcc -I. -I/vagrant/test/code_summary/zephir-sample/zephirsample/ext -DPHP_ATOM_INC -I/vagrant/test/code_summary/zephir-sample/zephirsample/ext/include -I/vagrant/test/code_summary/zephir-sample/zephirsample/ext/main -I/vagrant/test/code_summary/zephir-sample/zephirsample/ext -I/usr/include/php5 -I/usr/include/php5/main -I/usr/include/php5/TSRM -I/usr/include/php5/Zend -I/usr/include/php5/ext -I/usr/include/php5/ext/date/lib -D_LARGEFILE_SOURCE -D_FILE_OFFSET_BITS=64 -DHAVE_CONFIG_H -O2 -fvisibility=hidden -Wparentheses -flto -DZEPHIR_RELEASE=1 -c /vagrant/test/code_summary/zephir-sample/zephirsample/ext/kernel/debug.c  -fPIC -DPIC -o kernel/.libs/debug.o
libtool: compile:  gcc -I. -I/vagrant/test/code_summary/zephir-sample/zephirsample/ext -DPHP_ATOM_INC -I/vagrant/test/code_summary/zephir-sample/zephirsample/ext/include -I/vagrant/test/code_summary/zephir-sample/zephirsample/ext/main -I/vagrant/test/code_summary/zephir-sample/zephirsample/ext -I/usr/include/php5 -I/usr/include/php5/main -I/usr/include/php5/TSRM -I/usr/include/php5/Zend -I/usr/include/php5/ext -I/usr/include/php5/ext/date/lib -D_LARGEFILE_SOURCE -D_FILE_OFFSET_BITS=64 -DHAVE_CONFIG_H -O2 -fvisibility=hidden -Wparentheses -flto -DZEPHIR_RELEASE=1 -c /vagrant/test/code_summary/zephir-sample/zephirsample/ext/kernel/backtrace.c  -fPIC -DPIC -o kernel/.libs/backtrace.o
libtool: compile:  gcc -I. -I/vagrant/test/code_summary/zephir-sample/zephirsample/ext -DPHP_ATOM_INC -I/vagrant/test/code_summary/zephir-sample/zephirsample/ext/include -I/vagrant/test/code_summary/zephir-sample/zephirsample/ext/main -I/vagrant/test/code_summary/zephir-sample/zephirsample/ext -I/usr/include/php5 -I/usr/include/php5/main -I/usr/include/php5/TSRM -I/usr/include/php5/Zend -I/usr/include/php5/ext -I/usr/include/php5/ext/date/lib -D_LARGEFILE_SOURCE -D_FILE_OFFSET_BITS=64 -DHAVE_CONFIG_H -O2 -fvisibility=hidden -Wparentheses -flto -DZEPHIR_RELEASE=1 -c /vagrant/test/code_summary/zephir-sample/zephirsample/ext/kernel/object.c  -fPIC -DPIC -o kernel/.libs/object.o
libtool: compile:  gcc -I. -I/vagrant/test/code_summary/zephir-sample/zephirsample/ext -DPHP_ATOM_INC -I/vagrant/test/code_summary/zephir-sample/zephirsample/ext/include -I/vagrant/test/code_summary/zephir-sample/zephirsample/ext/main -I/vagrant/test/code_summary/zephir-sample/zephirsample/ext -I/usr/include/php5 -I/usr/include/php5/main -I/usr/include/php5/TSRM -I/usr/include/php5/Zend -I/usr/include/php5/ext -I/usr/include/php5/ext/date/lib -D_LARGEFILE_SOURCE -D_FILE_OFFSET_BITS=64 -DHAVE_CONFIG_H -O2 -fvisibility=hidden -Wparentheses -flto -DZEPHIR_RELEASE=1 -c /vagrant/test/code_summary/zephir-sample/zephirsample/ext/kernel/array.c  -fPIC -DPIC -o kernel/.libs/array.o
libtool: compile:  gcc -I. -I/vagrant/test/code_summary/zephir-sample/zephirsample/ext -DPHP_ATOM_INC -I/vagrant/test/code_summary/zephir-sample/zephirsample/ext/include -I/vagrant/test/code_summary/zephir-sample/zephirsample/ext/main -I/vagrant/test/code_summary/zephir-sample/zephirsample/ext -I/usr/include/php5 -I/usr/include/php5/main -I/usr/include/php5/TSRM -I/usr/include/php5/Zend -I/usr/include/php5/ext -I/usr/include/php5/ext/date/lib -D_LARGEFILE_SOURCE -D_FILE_OFFSET_BITS=64 -DHAVE_CONFIG_H -O2 -fvisibility=hidden -Wparentheses -flto -DZEPHIR_RELEASE=1 -c /vagrant/test/code_summary/zephir-sample/zephirsample/ext/kernel/extended/array.c  -fPIC -DPIC -o kernel/extended/.libs/array.o
libtool: compile:  gcc -I. -I/vagrant/test/code_summary/zephir-sample/zephirsample/ext -DPHP_ATOM_INC -I/vagrant/test/code_summary/zephir-sample/zephirsample/ext/include -I/vagrant/test/code_summary/zephir-sample/zephirsample/ext/main -I/vagrant/test/code_summary/zephir-sample/zephirsample/ext -I/usr/include/php5 -I/usr/include/php5/main -I/usr/include/php5/TSRM -I/usr/include/php5/Zend -I/usr/include/php5/ext -I/usr/include/php5/ext/date/lib -D_LARGEFILE_SOURCE -D_FILE_OFFSET_BITS=64 -DHAVE_CONFIG_H -O2 -fvisibility=hidden -Wparentheses -flto -DZEPHIR_RELEASE=1 -c /vagrant/test/code_summary/zephir-sample/zephirsample/ext/kernel/string.c  -fPIC -DPIC -o kernel/.libs/string.o
libtool: compile:  gcc -I. -I/vagrant/test/code_summary/zephir-sample/zephirsample/ext -DPHP_ATOM_INC -I/vagrant/test/code_summary/zephir-sample/zephirsample/ext/include -I/vagrant/test/code_summary/zephir-sample/zephirsample/ext/main -I/vagrant/test/code_summary/zephir-sample/zephirsample/ext -I/usr/include/php5 -I/usr/include/php5/main -I/usr/include/php5/TSRM -I/usr/include/php5/Zend -I/usr/include/php5/ext -I/usr/include/php5/ext/date/lib -D_LARGEFILE_SOURCE -D_FILE_OFFSET_BITS=64 -DHAVE_CONFIG_H -O2 -fvisibility=hidden -Wparentheses -flto -DZEPHIR_RELEASE=1 -c /vagrant/test/code_summary/zephir-sample/zephirsample/ext/kernel/fcall.c  -fPIC -DPIC -o kernel/.libs/fcall.o
libtool: compile:  gcc -I. -I/vagrant/test/code_summary/zephir-sample/zephirsample/ext -DPHP_ATOM_INC -I/vagrant/test/code_summary/zephir-sample/zephirsample/ext/include -I/vagrant/test/code_summary/zephir-sample/zephirsample/ext/main -I/vagrant/test/code_summary/zephir-sample/zephirsample/ext -I/usr/include/php5 -I/usr/include/php5/main -I/usr/include/php5/TSRM -I/usr/include/php5/Zend -I/usr/include/php5/ext -I/usr/include/php5/ext/date/lib -D_LARGEFILE_SOURCE -D_FILE_OFFSET_BITS=64 -DHAVE_CONFIG_H -O2 -fvisibility=hidden -Wparentheses -flto -DZEPHIR_RELEASE=1 -c /vagrant/test/code_summary/zephir-sample/zephirsample/ext/kernel/extended/fcall.c  -fPIC -DPIC -o kernel/extended/.libs/fcall.o
libtool: compile:  gcc -I. -I/vagrant/test/code_summary/zephir-sample/zephirsample/ext -DPHP_ATOM_INC -I/vagrant/test/code_summary/zephir-sample/zephirsample/ext/include -I/vagrant/test/code_summary/zephir-sample/zephirsample/ext/main -I/vagrant/test/code_summary/zephir-sample/zephirsample/ext -I/usr/include/php5 -I/usr/include/php5/main -I/usr/include/php5/TSRM -I/usr/include/php5/Zend -I/usr/include/php5/ext -I/usr/include/php5/ext/date/lib -D_LARGEFILE_SOURCE -D_FILE_OFFSET_BITS=64 -DHAVE_CONFIG_H -O2 -fvisibility=hidden -Wparentheses -flto -DZEPHIR_RELEASE=1 -c /vagrant/test/code_summary/zephir-sample/zephirsample/ext/kernel/require.c  -fPIC -DPIC -o kernel/.libs/require.o
libtool: compile:  gcc -I. -I/vagrant/test/code_summary/zephir-sample/zephirsample/ext -DPHP_ATOM_INC -I/vagrant/test/code_summary/zephir-sample/zephirsample/ext/include -I/vagrant/test/code_summary/zephir-sample/zephirsample/ext/main -I/vagrant/test/code_summary/zephir-sample/zephirsample/ext -I/usr/include/php5 -I/usr/include/php5/main -I/usr/include/php5/TSRM -I/usr/include/php5/Zend -I/usr/include/php5/ext -I/usr/include/php5/ext/date/lib -D_LARGEFILE_SOURCE -D_FILE_OFFSET_BITS=64 -DHAVE_CONFIG_H -O2 -fvisibility=hidden -Wparentheses -flto -DZEPHIR_RELEASE=1 -c /vagrant/test/code_summary/zephir-sample/zephirsample/ext/kernel/file.c  -fPIC -DPIC -o kernel/.libs/file.o
libtool: compile:  gcc -I. -I/vagrant/test/code_summary/zephir-sample/zephirsample/ext -DPHP_ATOM_INC -I/vagrant/test/code_summary/zephir-sample/zephirsample/ext/include -I/vagrant/test/code_summary/zephir-sample/zephirsample/ext/main -I/vagrant/test/code_summary/zephir-sample/zephirsample/ext -I/usr/include/php5 -I/usr/include/php5/main -I/usr/include/php5/TSRM -I/usr/include/php5/Zend -I/usr/include/php5/ext -I/usr/include/php5/ext/date/lib -D_LARGEFILE_SOURCE -D_FILE_OFFSET_BITS=64 -DHAVE_CONFIG_H -O2 -fvisibility=hidden -Wparentheses -flto -DZEPHIR_RELEASE=1 -c /vagrant/test/code_summary/zephir-sample/zephirsample/ext/kernel/operators.c  -fPIC -DPIC -o kernel/.libs/operators.o
libtool: compile:  gcc -I. -I/vagrant/test/code_summary/zephir-sample/zephirsample/ext -DPHP_ATOM_INC -I/vagrant/test/code_summary/zephir-sample/zephirsample/ext/include -I/vagrant/test/code_summary/zephir-sample/zephirsample/ext/main -I/vagrant/test/code_summary/zephir-sample/zephirsample/ext -I/usr/include/php5 -I/usr/include/php5/main -I/usr/include/php5/TSRM -I/usr/include/php5/Zend -I/usr/include/php5/ext -I/usr/include/php5/ext/date/lib -D_LARGEFILE_SOURCE -D_FILE_OFFSET_BITS=64 -DHAVE_CONFIG_H -O2 -fvisibility=hidden -Wparentheses -flto -DZEPHIR_RELEASE=1 -c /vagrant/test/code_summary/zephir-sample/zephirsample/ext/kernel/math.c  -fPIC -DPIC -o kernel/.libs/math.o
libtool: compile:  gcc -I. -I/vagrant/test/code_summary/zephir-sample/zephirsample/ext -DPHP_ATOM_INC -I/vagrant/test/code_summary/zephir-sample/zephirsample/ext/include -I/vagrant/test/code_summary/zephir-sample/zephirsample/ext/main -I/vagrant/test/code_summary/zephir-sample/zephirsample/ext -I/usr/include/php5 -I/usr/include/php5/main -I/usr/include/php5/TSRM -I/usr/include/php5/Zend -I/usr/include/php5/ext -I/usr/include/php5/ext/date/lib -D_LARGEFILE_SOURCE -D_FILE_OFFSET_BITS=64 -DHAVE_CONFIG_H -O2 -fvisibility=hidden -Wparentheses -flto -DZEPHIR_RELEASE=1 -c /vagrant/test/code_summary/zephir-sample/zephirsample/ext/kernel/concat.c  -fPIC -DPIC -o kernel/.libs/concat.o
libtool: compile:  gcc -I. -I/vagrant/test/code_summary/zephir-sample/zephirsample/ext -DPHP_ATOM_INC -I/vagrant/test/code_summary/zephir-sample/zephirsample/ext/include -I/vagrant/test/code_summary/zephir-sample/zephirsample/ext/main -I/vagrant/test/code_summary/zephir-sample/zephirsample/ext -I/usr/include/php5 -I/usr/include/php5/main -I/usr/include/php5/TSRM -I/usr/include/php5/Zend -I/usr/include/php5/ext -I/usr/include/php5/ext/date/lib -D_LARGEFILE_SOURCE -D_FILE_OFFSET_BITS=64 -DHAVE_CONFIG_H -O2 -fvisibility=hidden -Wparentheses -flto -DZEPHIR_RELEASE=1 -c /vagrant/test/code_summary/zephir-sample/zephirsample/ext/kernel/variables.c  -fPIC -DPIC -o kernel/.libs/variables.o
libtool: compile:  gcc -I. -I/vagrant/test/code_summary/zephir-sample/zephirsample/ext -DPHP_ATOM_INC -I/vagrant/test/code_summary/zephir-sample/zephirsample/ext/include -I/vagrant/test/code_summary/zephir-sample/zephirsample/ext/main -I/vagrant/test/code_summary/zephir-sample/zephirsample/ext -I/usr/include/php5 -I/usr/include/php5/main -I/usr/include/php5/TSRM -I/usr/include/php5/Zend -I/usr/include/php5/ext -I/usr/include/php5/ext/date/lib -D_LARGEFILE_SOURCE -D_FILE_OFFSET_BITS=64 -DHAVE_CONFIG_H -O2 -fvisibility=hidden -Wparentheses -flto -DZEPHIR_RELEASE=1 -c /vagrant/test/code_summary/zephir-sample/zephirsample/ext/kernel/filter.c  -fPIC -DPIC -o kernel/.libs/filter.o
libtool: compile:  gcc -I. -I/vagrant/test/code_summary/zephir-sample/zephirsample/ext -DPHP_ATOM_INC -I/vagrant/test/code_summary/zephir-sample/zephirsample/ext/include -I/vagrant/test/code_summary/zephir-sample/zephirsample/ext/main -I/vagrant/test/code_summary/zephir-sample/zephirsample/ext -I/usr/include/php5 -I/usr/include/php5/main -I/usr/include/php5/TSRM -I/usr/include/php5/Zend -I/usr/include/php5/ext -I/usr/include/php5/ext/date/lib -D_LARGEFILE_SOURCE -D_FILE_OFFSET_BITS=64 -DHAVE_CONFIG_H -O2 -fvisibility=hidden -Wparentheses -flto -DZEPHIR_RELEASE=1 -c /vagrant/test/code_summary/zephir-sample/zephirsample/ext/kernel/iterator.c  -fPIC -DPIC -o kernel/.libs/iterator.o
libtool: compile:  gcc -I. -I/vagrant/test/code_summary/zephir-sample/zephirsample/ext -DPHP_ATOM_INC -I/vagrant/test/code_summary/zephir-sample/zephirsample/ext/include -I/vagrant/test/code_summary/zephir-sample/zephirsample/ext/main -I/vagrant/test/code_summary/zephir-sample/zephirsample/ext -I/usr/include/php5 -I/usr/include/php5/main -I/usr/include/php5/TSRM -I/usr/include/php5/Zend -I/usr/include/php5/ext -I/usr/include/php5/ext/date/lib -D_LARGEFILE_SOURCE -D_FILE_OFFSET_BITS=64 -DHAVE_CONFIG_H -O2 -fvisibility=hidden -Wparentheses -flto -DZEPHIR_RELEASE=1 -c /vagrant/test/code_summary/zephir-sample/zephirsample/ext/kernel/time.c  -fPIC -DPIC -o kernel/.libs/time.o
libtool: compile:  gcc -I. -I/vagrant/test/code_summary/zephir-sample/zephirsample/ext -DPHP_ATOM_INC -I/vagrant/test/code_summary/zephir-sample/zephirsample/ext/include -I/vagrant/test/code_summary/zephir-sample/zephirsample/ext/main -I/vagrant/test/code_summary/zephir-sample/zephirsample/ext -I/usr/include/php5 -I/usr/include/php5/main -I/usr/include/php5/TSRM -I/usr/include/php5/Zend -I/usr/include/php5/ext -I/usr/include/php5/ext/date/lib -D_LARGEFILE_SOURCE -D_FILE_OFFSET_BITS=64 -DHAVE_CONFIG_H -O2 -fvisibility=hidden -Wparentheses -flto -DZEPHIR_RELEASE=1 -c /vagrant/test/code_summary/zephir-sample/zephirsample/ext/kernel/exit.c  -fPIC -DPIC -o kernel/.libs/exit.o
libtool: compile:  gcc -I. -I/vagrant/test/code_summary/zephir-sample/zephirsample/ext -DPHP_ATOM_INC -I/vagrant/test/code_summary/zephir-sample/zephirsample/ext/include -I/vagrant/test/code_summary/zephir-sample/zephirsample/ext/main -I/vagrant/test/code_summary/zephir-sample/zephirsample/ext -I/usr/include/php5 -I/usr/include/php5/main -I/usr/include/php5/TSRM -I/usr/include/php5/Zend -I/usr/include/php5/ext -I/usr/include/php5/ext/date/lib -D_LARGEFILE_SOURCE -D_FILE_OFFSET_BITS=64 -DHAVE_CONFIG_H -O2 -fvisibility=hidden -Wparentheses -flto -DZEPHIR_RELEASE=1 -c /vagrant/test/code_summary/zephir-sample/zephirsample/ext/zephirsample/test.zep.c  -fPIC -DPIC -o zephirsample/.libs/test.o
libtool: link: gcc -shared  -fPIC -DPIC  .libs/zephirsample.o kernel/.libs/main.o kernel/.libs/memory.o kernel/.libs/exception.o kernel/.libs/hash.o kernel/.libs/debug.o kernel/.libs/backtrace.o kernel/.libs/object.o kernel/.libs/array.o kernel/extended/.libs/array.o kernel/.libs/string.o kernel/.libs/fcall.o kernel/extended/.libs/fcall.o kernel/.libs/require.o kernel/.libs/file.o kernel/.libs/operators.o kernel/.libs/math.o kernel/.libs/concat.o kernel/.libs/variables.o kernel/.libs/filter.o kernel/.libs/iterator.o kernel/.libs/time.o kernel/.libs/exit.o zephirsample/.libs/test.o    -O2 -flto   -Wl,-soname -Wl,zephirsample.so -o .libs/zephirsample.so
libtool: link: ( cd ".libs" && rm -f "zephirsample.la" && ln -s "../zephirsample.la" "zephirsample.la" )
libtool: install: cp ./.libs/zephirsample.so /vagrant/test/code_summary/zephir-sample/zephirsample/ext/modules/zephirsample.so
libtool: install: cp ./.libs/zephirsample.lai /vagrant/test/code_summary/zephir-sample/zephirsample/ext/modules/zephirsample.la
libtool: finish: PATH="/usr/local/sbin:/usr/local/bin:/usr/sbin:/usr/bin:/sbin:/bin:/usr/games:/opt/vagrant_ruby/bin:/usr/local/go/bin:/vagrant/gopath/bin:/home/vagrant/.composer/vendor/bin:/vagrant/app_dev/android-sdk-linux/tools:/vagrant/app_dev/android-sdk-linux/platform-tools:/usr/lib/jvm/java-7-openjdk-i386/bin:/sbin" ldconfig -n /vagrant/test/code_summary/zephir-sample/zephirsample/ext/modules
----------------------------------------------------------------------
Libraries have been installed in:
   /vagrant/test/code_summary/zephir-sample/zephirsample/ext/modules

If you ever happen to want to link against installed libraries
in a given directory, LIBDIR, you must either use libtool, and
specify the full pathname of the library, or use the `-LLIBDIR'
flag during linking and do at least one of the following:
   - add LIBDIR to the `LD_LIBRARY_PATH' environment variable
     during execution
   - add LIBDIR to the `LD_RUN_PATH' environment variable
     during linking
   - use the `-Wl,-rpath -Wl,LIBDIR' linker flag
   - have your system administrator add LIBDIR to `/etc/ld.so.conf'

See any operating system documentation about shared libraries for
more information, such as the ld(1) and ld.so(8) manual pages.
----------------------------------------------------------------------

Build complete.
Don't forget to run 'make test'.

Installing shared extensions:     /usr/lib/php5/20100525+lfs/
Installing header files:          /usr/include/php5/
